{
  "data": {
    "productVariantsEntityById": [
      {
        "productId": 2
      },
      {
        "productId": 2
      }
    ]
  }
}
