{
  "data": {
    "productQuickView": {
      "productId": 4
    }
  }
}
