{
  "data": {
    "productById": {
      "productId": 3
    }
  }
}
