{
  "data": {
    "productVariantById": {
      "productVariantId": 2,
      "sku": "7419138420704"
    }
  }
}
