{
  "data": {
    "userById": {
      "id": 999
    }
  }
}
