{
  "errors": [
    {
      "message": "The field \u0060ordersProductDetails\u0060 does not exist on the type \u0060Query\u0060.",
      "locations": [
        {
          "line": 3,
          "column": 15
        }
      ],
      "extensions": {
        "type": "Query",
        "field": "ordersProductDetails",
        "responseName": "ordersProductDetails",
        "specifiedBy": "http://spec.graphql.org/October2021/#sec-Field-Selections-on-Objects-Interfaces-and-Unions-Types"
      }
    },
    {
      "message": "The following variables were not used: orderDetailsProductsId.",
      "locations": [
        {
          "line": 2,
          "column": 11
        }
      ],
      "extensions": {
        "specifiedBy": "http://spec.graphql.org/October2021/#sec-All-Variables-Used"
      }
    }
  ]
}
