{
  "data": {
    "userEventById": {
      "userEventId": 2,
      "name": "Test"
    }
  }
}
