{
  "data": {
    "homepageProducts": [
      {
        "key": "Featured",
        "value": []
      }
    ]
  }
}
